// Jest Snapshot v1, https://goo.gl/fbAQLP

exports[`PetImage should match a snapshot 1`] = `
ShallowWrapper {
  Symbol(enzyme.__root__): [Circular],
  Symbol(enzyme.__unrendered__): <PetImage
    pet={
        Object {
            "id": 1,
            "name": "Fido",
            "pic": "https://www.google.com/url?sa=i&rct=j&q=&esrc=s&source=images&cd=&cad=rja&uact=8&ved=2ahUKEwi1ytO44LrdAhUE44MKHRt_B4YQjRx6BAgBEAU&url=https%3A%2F%2Fpixabay.com%2Fen%2Fphotos%2Fdog%2F&psig=AOvVaw2MhxK_sIy2XjmduZrqIH17&ust=1537023384535700",
          }
    }
/>,
  Symbol(enzyme.__renderer__): Object {
    "batchedUpdates": [Function],
    "getNode": [Function],
    "render": [Function],
    "simulateError": [Function],
    "simulateEvent": [Function],
    "unmount": [Function],
  },
  Symbol(enzyme.__node__): Object {
    "instance": null,
    "key": undefined,
    "nodeType": "host",
    "props": Object {
      "children": <img
        alt=""
        src="https://www.google.com/url?sa=i&rct=j&q=&esrc=s&source=images&cd=&cad=rja&uact=8&ved=2ahUKEwi1ytO44LrdAhUE44MKHRt_B4YQjRx6BAgBEAU&url=https%3A%2F%2Fpixabay.com%2Fen%2Fphotos%2Fdog%2F&psig=AOvVaw2MhxK_sIy2XjmduZrqIH17&ust=1537023384535700"
/>,
      "className": undefined,
    },
    "ref": null,
    "rendered": Object {
      "instance": null,
      "key": undefined,
      "nodeType": "host",
      "props": Object {
        "alt": "",
        "src": "https://www.google.com/url?sa=i&rct=j&q=&esrc=s&source=images&cd=&cad=rja&uact=8&ved=2ahUKEwi1ytO44LrdAhUE44MKHRt_B4YQjRx6BAgBEAU&url=https%3A%2F%2Fpixabay.com%2Fen%2Fphotos%2Fdog%2F&psig=AOvVaw2MhxK_sIy2XjmduZrqIH17&ust=1537023384535700",
      },
      "ref": null,
      "rendered": null,
      "type": "img",
    },
    "type": "div",
  },
  Symbol(enzyme.__nodes__): Array [
    Object {
      "instance": null,
      "key": undefined,
      "nodeType": "host",
      "props": Object {
        "children": <img
          alt=""
          src="https://www.google.com/url?sa=i&rct=j&q=&esrc=s&source=images&cd=&cad=rja&uact=8&ved=2ahUKEwi1ytO44LrdAhUE44MKHRt_B4YQjRx6BAgBEAU&url=https%3A%2F%2Fpixabay.com%2Fen%2Fphotos%2Fdog%2F&psig=AOvVaw2MhxK_sIy2XjmduZrqIH17&ust=1537023384535700"
/>,
        "className": undefined,
      },
      "ref": null,
      "rendered": Object {
        "instance": null,
        "key": undefined,
        "nodeType": "host",
        "props": Object {
          "alt": "",
          "src": "https://www.google.com/url?sa=i&rct=j&q=&esrc=s&source=images&cd=&cad=rja&uact=8&ved=2ahUKEwi1ytO44LrdAhUE44MKHRt_B4YQjRx6BAgBEAU&url=https%3A%2F%2Fpixabay.com%2Fen%2Fphotos%2Fdog%2F&psig=AOvVaw2MhxK_sIy2XjmduZrqIH17&ust=1537023384535700",
        },
        "ref": null,
        "rendered": null,
        "type": "img",
      },
      "type": "div",
    },
  ],
  Symbol(enzyme.__options__): Object {
    "adapter": ReactSixteenAdapter {
      "options": Object {
        "enableComponentDidUpdateOnSetState": true,
        "lifecycles": Object {
          "componentDidUpdate": Object {
            "onSetState": true,
          },
          "getDerivedStateFromProps": true,
          "getSnapshotBeforeUpdate": true,
          "setState": Object {
            "skipsComponentDidUpdateOnNullish": true,
          },
        },
      },
    },
    "attachTo": undefined,
    "hydrateIn": undefined,
  },
}
`;
