// Jest Snapshot v1, https://goo.gl/fbAQLP

exports[`IndividualMatch matches the snapshot 1`] = `undefined`;
