// Jest Snapshot v1, https://goo.gl/fbAQLP

exports[`NavigationBar matches the snapshot 1`] = `
ShallowWrapper {
  Symbol(enzyme.__root__): [Circular],
  Symbol(enzyme.__unrendered__): <NavigationBar />,
  Symbol(enzyme.__renderer__): Object {
    "batchedUpdates": [Function],
    "getNode": [Function],
    "render": [Function],
    "simulateError": [Function],
    "simulateEvent": [Function],
    "unmount": [Function],
  },
  Symbol(enzyme.__node__): Object {
    "instance": null,
    "key": undefined,
    "nodeType": "host",
    "props": Object {
      "children": <nav>
        <div
                className="container"
        >
                <div
                        className="Nav-wrapper red lighten-1"
                >
                        <h3
                                className="left nav-title-pp"
                        >
                                Pet Picker
                        </h3>
                </div>
        </div>
</nav>,
      "className": "navbar-fixed ",
    },
    "ref": null,
    "rendered": Object {
      "instance": null,
      "key": undefined,
      "nodeType": "host",
      "props": Object {
        "children": <div
          className="container"
>
          <div
                    className="Nav-wrapper red lighten-1"
          >
                    <h3
                              className="left nav-title-pp"
                    >
                              Pet Picker
                    </h3>
          </div>
</div>,
      },
      "ref": null,
      "rendered": Object {
        "instance": null,
        "key": undefined,
        "nodeType": "host",
        "props": Object {
          "children": <div
            className="Nav-wrapper red lighten-1"
>
            <h3
                        className="left nav-title-pp"
            >
                        Pet Picker
            </h3>
</div>,
          "className": "container",
        },
        "ref": null,
        "rendered": Object {
          "instance": null,
          "key": undefined,
          "nodeType": "host",
          "props": Object {
            "children": Array [
              <h3
                className="left nav-title-pp"
>
                Pet Picker
</h3>,
              undefined,
            ],
            "className": "Nav-wrapper red lighten-1",
          },
          "ref": null,
          "rendered": Array [
            Object {
              "instance": null,
              "key": undefined,
              "nodeType": "host",
              "props": Object {
                "children": "Pet Picker",
                "className": "left nav-title-pp",
              },
              "ref": null,
              "rendered": "Pet Picker",
              "type": "h3",
            },
            undefined,
          ],
          "type": "div",
        },
        "type": "div",
      },
      "type": "nav",
    },
    "type": "div",
  },
  Symbol(enzyme.__nodes__): Array [
    Object {
      "instance": null,
      "key": undefined,
      "nodeType": "host",
      "props": Object {
        "children": <nav>
          <div
                    className="container"
          >
                    <div
                              className="Nav-wrapper red lighten-1"
                    >
                              <h3
                                        className="left nav-title-pp"
                              >
                                        Pet Picker
                              </h3>
                    </div>
          </div>
</nav>,
        "className": "navbar-fixed ",
      },
      "ref": null,
      "rendered": Object {
        "instance": null,
        "key": undefined,
        "nodeType": "host",
        "props": Object {
          "children": <div
            className="container"
>
            <div
                        className="Nav-wrapper red lighten-1"
            >
                        <h3
                                    className="left nav-title-pp"
                        >
                                    Pet Picker
                        </h3>
            </div>
</div>,
        },
        "ref": null,
        "rendered": Object {
          "instance": null,
          "key": undefined,
          "nodeType": "host",
          "props": Object {
            "children": <div
              className="Nav-wrapper red lighten-1"
>
              <h3
                            className="left nav-title-pp"
              >
                            Pet Picker
              </h3>
</div>,
            "className": "container",
          },
          "ref": null,
          "rendered": Object {
            "instance": null,
            "key": undefined,
            "nodeType": "host",
            "props": Object {
              "children": Array [
                <h3
                  className="left nav-title-pp"
>
                  Pet Picker
</h3>,
                undefined,
              ],
              "className": "Nav-wrapper red lighten-1",
            },
            "ref": null,
            "rendered": Array [
              Object {
                "instance": null,
                "key": undefined,
                "nodeType": "host",
                "props": Object {
                  "children": "Pet Picker",
                  "className": "left nav-title-pp",
                },
                "ref": null,
                "rendered": "Pet Picker",
                "type": "h3",
              },
              undefined,
            ],
            "type": "div",
          },
          "type": "div",
        },
        "type": "nav",
      },
      "type": "div",
    },
  ],
  Symbol(enzyme.__options__): Object {
    "adapter": ReactSixteenAdapter {
      "options": Object {
        "enableComponentDidUpdateOnSetState": true,
        "lifecycles": Object {
          "componentDidUpdate": Object {
            "onSetState": true,
          },
          "getDerivedStateFromProps": true,
          "getSnapshotBeforeUpdate": true,
          "setState": Object {
            "skipsComponentDidUpdateOnNullish": true,
          },
        },
      },
    },
    "attachTo": undefined,
    "disableLifecycleMethods": true,
    "hydrateIn": undefined,
  },
}
`;
